**
(main.tex
LaTeX2e <2021-11-15> patch level 1
L3 programming layer <2022-02-24> (IEEEtran.cls
Document Class: IEEEtran 2015/08/26 V1.8b by Michael Shell
-- See the "IEEEtran_HOWTO" manual for usage information.
-- http://www.michaelshell.org/tex/ieeetran/
\@IEEEtrantmpdimenA=\dimen138
\@IEEEtrantmpdimenB=\dimen139
\@IEEEtrantmpdimenC=\dimen140
\@IEEEtrantmpcountA=\count181
\@IEEEtrantmpcountB=\count182
\@IEEEtrantmpcountC=\count183
\@IEEEtrantmptoksA=\toks16
LaTeX Font Info:    Trying to load font information for TU+ptm on input line 50
3.
LaTeX Font Info:    No file TUptm.fd. on input line 503.

LaTeX Font Warning: Font shape `TU/ptm/m/n' undefined
(Font)              using `TU/lmr/m/n' instead on input line 503.

-- Using 8.5in x 11in (letter) paper.
-- Using DVI output.
\@IEEEnormalsizeunitybaselineskip=\dimen141
-- This is a 10 point document.
\CLASSINFOnormalsizebaselineskip=\dimen142
\CLASSINFOnormalsizeunitybaselineskip=\dimen143
\IEEEnormaljot=\dimen144

LaTeX Font Warning: Font shape `TU/ptm/bx/n' undefined
(Font)              using `TU/ptm/m/n' instead on input line 1090.


LaTeX Font Warning: Font shape `TU/ptm/m/it' undefined
(Font)              using `TU/ptm/m/n' instead on input line 1090.


LaTeX Font Warning: Font shape `TU/ptm/bx/it' undefined
(Font)              using `TU/ptm/bx/n' instead on input line 1090.

\IEEEquantizedlength=\dimen145
\IEEEquantizedlengthdiff=\dimen146
\IEEEquantizedtextheightdiff=\dimen147
\IEEEilabelindentA=\dimen148
\IEEEilabelindentB=\dimen149
\IEEEilabelindent=\dimen150
\IEEEelabelindent=\dimen151
\IEEEdlabelindent=\dimen152
\IEEElabelindent=\dimen153
\IEEEiednormlabelsep=\dimen154
\IEEEiedmathlabelsep=\dimen155
\IEEEiedtopsep=\skip47
\c@section=\count184
\c@subsection=\count185
\c@subsubsection=\count186
\c@paragraph=\count187
\c@IEEEsubequation=\count188
\abovecaptionskip=\skip48
\belowcaptionskip=\skip49
\c@figure=\count189
\c@table=\count190
\@IEEEeqnnumcols=\count191
\@IEEEeqncolcnt=\count192
\@IEEEsubeqnnumrollback=\count193
\@IEEEquantizeheightA=\dimen156
\@IEEEquantizeheightB=\dimen157
\@IEEEquantizeheightC=\dimen158
\@IEEEquantizeprevdepth=\dimen159
\@IEEEquantizemultiple=\count194
\@IEEEquantizeboxA=\box50
\@IEEEtmpitemindent=\dimen160
\IEEEPARstartletwidth=\dimen161
\c@IEEEbiography=\count195
\@IEEEtranrubishbin=\box51
) (fontenc.sty
Package: fontenc 2021/04/29 v2.0v Standard LaTeX package
LaTeX Font Info:    Trying to load font information for T1+ptm on input line 11
2.
 (t1ptm.fd
File: t1ptm.fd 2001/06/04 font definitions for T1/ptm.
)) (cite.sty
LaTeX Info: Redefining \cite on input line 302.
LaTeX Info: Redefining \nocite on input line 332.
Package: cite 2015/02/27  v 5.5
) (amsmath.sty
Package: amsmath 2021/10/15 v2.17l AMS math features
\@mathmargin=\skip50

For additional information on amsmath, use the `?' option.
(amstext.sty
Package: amstext 2021/08/26 v2.01 AMS text
 (amsgen.sty
File: amsgen.sty 1999/11/30 v2.0 generic functions
\@emptytoks=\toks17
\ex@=\dimen162
)) (amsbsy.sty
Package: amsbsy 1999/11/29 v1.2d Bold Symbols
\pmbraise@=\dimen163
) (amsopn.sty
Package: amsopn 2021/08/26 v2.02 operator names
)
\inf@bad=\count196
LaTeX Info: Redefining \frac on input line 234.
\uproot@=\count197
\leftroot@=\count198
LaTeX Info: Redefining \overline on input line 399.
\classnum@=\count199
\DOTSCASE@=\count266
LaTeX Info: Redefining \ldots on input line 496.
LaTeX Info: Redefining \dots on input line 499.
LaTeX Info: Redefining \cdots on input line 620.
\Mathstrutbox@=\box52
\strutbox@=\box53
\big@size=\dimen164
LaTeX Font Info:    Redeclaring font encoding OML on input line 743.
LaTeX Font Info:    Redeclaring font encoding OMS on input line 744.
\macc@depth=\count267
\c@MaxMatrixCols=\count268
\dotsspace@=\muskip16
\c@parentequation=\count269
\dspbrk@lvl=\count270
\tag@help=\toks18
\row@=\count271
\column@=\count272
\maxfields@=\count273
\andhelp@=\toks19
\eqnshift@=\dimen165
\alignsep@=\dimen166
\tagshift@=\dimen167
\tagwidth@=\dimen168
\totwidth@=\dimen169
\lineht@=\dimen170
\@envbody=\toks20
\multlinegap=\skip51
\multlinetaggap=\skip52
\mathdisplay@stack=\toks21
LaTeX Info: Redefining \[ on input line 2938.
LaTeX Info: Redefining \] on input line 2939.
) (amssymb.sty
Package: amssymb 2013/01/14 v3.01 AMS font symbols

(amsfonts.sty
Package: amsfonts 2013/01/14 v3.01 Basic AMSFonts support
\symAMSa=\mathgroup4
\symAMSb=\mathgroup5
LaTeX Font Info:    Redeclaring math symbol \hbar on input line 98.
LaTeX Font Info:    Overwriting math alphabet `\mathfrak' in version `bold'
(Font)                  U/euf/m/n --> U/euf/b/n on input line 106.
)) (graphicx.sty
Package: graphicx 2021/09/16 v1.2d Enhanced LaTeX Graphics (DPC,SPQR)
 (keyval.sty
Package: keyval 2014/10/28 v1.15 key=value parser (DPC)
\KV@toks@=\toks22
) (graphics.sty
Package: graphics 2021/03/04 v1.4d Standard LaTeX Graphics (DPC,SPQR)
 (trig.sty
Package: trig 2021/08/11 v1.11 sin cos tan (DPC)
)
(graphics.cfg
File: graphics.cfg 2016/06/04 v1.11 sample graphics configuration
)
Package graphics Info: Driver file: xetex.def on input line 107.
 (xetex.def
File: xetex.def 2021/03/18 v5.0k Graphics/color driver for xetex
))
\Gin@req@height=\dimen171
\Gin@req@width=\dimen172
) (booktabs.sty
Package: booktabs 2020/01/12 v1.61803398 Publication quality tables
\heavyrulewidth=\dimen173
\lightrulewidth=\dimen174
\cmidrulewidth=\dimen175
\belowrulesep=\dimen176
\belowbottomsep=\dimen177
\aboverulesep=\dimen178
\abovetopsep=\dimen179
\cmidrulesep=\dimen180
\cmidrulekern=\dimen181
\defaultaddspace=\dimen182
\@cmidla=\count274
\@cmidlb=\count275
\@aboverulesep=\dimen183
\@belowrulesep=\dimen184
\@thisruleclass=\count276
\@lastruleclass=\count277
\@thisrulewidth=\dimen185
) (url.sty
\Urlmuskip=\muskip17
Package: url 2013/09/16  ver 3.4  Verb mode for urls, etc.
) (hyperref.sty
Package: hyperref 2022-02-21 v7.00n Hypertext links for LaTeX

(ltxcmds.sty
Package: ltxcmds 2020-05-10 v1.25 LaTeX kernel commands for general use (HO)
) (iftex.sty
Package: iftex 2022/02/03 v1.0f TeX engine tests
) (pdftexcmds.sty
Package: pdftexcmds 2020-06-27 v0.33 Utility functions of pdfTeX for LuaTeX (HO
)
 (infwarerr.sty
Package: infwarerr 2019/12/03 v1.5 Providing info/warning/error messages (HO)
)
Package pdftexcmds Info: \pdf@primitive is available.
Package pdftexcmds Info: \pdf@ifprimitive is available.
Package pdftexcmds Info: \pdfdraftmode not found.
) (kvsetkeys.sty
Package: kvsetkeys 2019/12/15 v1.18 Key value parser (HO)
)
(kvdefinekeys.sty
Package: kvdefinekeys 2019-12-19 v1.6 Define keys (HO)
) (pdfescape.sty
Package: pdfescape 2019/12/09 v1.15 Implements pdfTeX's escape features (HO)
) (hycolor.sty
Package: hycolor 2020-01-27 v1.10 Color options for hyperref/bookmark (HO)
) (letltxmacro.sty
Package: letltxmacro 2019/12/03 v1.6 Let assignment for LaTeX macros (HO)
) (auxhook.sty
Package: auxhook 2019-12-17 v1.6 Hooks for auxiliary files (HO)
) (kvoptions.sty
Package: kvoptions 2020-10-07 v3.14 Key value format for package options (HO)
)
\@linkdim=\dimen186
\Hy@linkcounter=\count278
\Hy@pagecounter=\count279
 (pd1enc.def
File: pd1enc.def 2022-02-21 v7.00n Hyperref: PDFDocEncoding definition (HO)
) (intcalc.sty
Package: intcalc 2019/12/15 v1.3 Expandable calculations with integers (HO)
) (etexcmds.sty
Package: etexcmds 2019/12/15 v1.7 Avoid name clashes with e-TeX commands (HO)
)
\Hy@SavedSpaceFactor=\count280
 (puenc.def
File: puenc.def 2022-02-21 v7.00n Hyperref: PDF Unicode definition (HO)
)
Package hyperref Info: Hyper figures OFF on input line 4137.
Package hyperref Info: Link nesting OFF on input line 4142.
Package hyperref Info: Hyper index ON on input line 4145.
Package hyperref Info: Plain pages OFF on input line 4152.
Package hyperref Info: Backreferencing OFF on input line 4157.
Package hyperref Info: Implicit mode ON; LaTeX internals redefined.
Package hyperref Info: Bookmarks ON on input line 4390.
\c@Hy@tempcnt=\count281
LaTeX Info: Redefining \url on input line 4749.
\XeTeXLinkMargin=\dimen187

(bitset.sty
Package: bitset 2019/12/09 v1.3 Handle bit-vector datatype (HO)
 (bigintcalc.sty
Package: bigintcalc 2019/12/15 v1.5 Expandable calculations on big integers (HO
)
))
\Fld@menulength=\count282
\Field@Width=\dimen188
\Fld@charsize=\dimen189
Package hyperref Info: Hyper figures OFF on input line 6027.
Package hyperref Info: Link nesting OFF on input line 6032.
Package hyperref Info: Hyper index ON on input line 6035.
Package hyperref Info: backreferencing OFF on input line 6042.
Package hyperref Info: Link coloring OFF on input line 6047.
Package hyperref Info: Link coloring with OCG OFF on input line 6052.
Package hyperref Info: PDF/A mode OFF on input line 6057.
LaTeX Info: Redefining \ref on input line 6097.
LaTeX Info: Redefining \pageref on input line 6101.
 (atbegshi-ltx.sty
Package: atbegshi-ltx 2021/01/10 v1.0c Emulation of the original atbegshi
package with kernel methods
)
\Hy@abspage=\count283
\c@Item=\count284
\c@Hfootnote=\count285
)
Package hyperref Info: Driver (autodetected): hxetex.
 (hxetex.def
File: hxetex.def 2022-02-21 v7.00n Hyperref driver for XeTeX
 (stringenc.sty
Package: stringenc 2019/11/29 v1.12 Convert strings between diff. encodings (HO
)
)
\pdfm@box=\box54
\c@Hy@AnnotLevel=\count286
\HyField@AnnotCount=\count287
\Fld@listcount=\count288
\c@bookmark@seq@number=\count289

(rerunfilecheck.sty
Package: rerunfilecheck 2019/12/05 v1.9 Rerun checks for auxiliary files (HO)
 (atveryend-ltx.sty
Package: atveryend-ltx 2020/08/19 v1.0a Emulation of the original atveryend pac
kage
with kernel methods
) (uniquecounter.sty
Package: uniquecounter 2019/12/15 v1.4 Provide unlimited unique counter (HO)
)
Package uniquecounter Info: New unique counter `rerunfilecheck' on input line 2
86.
)
\Hy@SectionHShift=\skip53
) (textcomp.sty
Package: textcomp 2020/02/02 v2.0n Standard LaTeX package
)
Package hyperref Info: Option `colorlinks' set `true' on input line 11.

(l3backend-xetex.def
File: l3backend-xetex.def 2022-02-07 L3 backend support: XeTeX
\c__kernel_sys_dvipdfmx_version_int=\count290
\l__color_backend_stack_int=\count291
\g__color_backend_stack_int=\count292
\g__graphics_track_int=\count293
\l__pdf_internal_box=\box55
\g__pdf_backend_object_int=\count294
\g__pdf_backend_annotation_int=\count295
\g__pdf_backend_link_int=\count296
) (main.aux)
\openout1 = `main.aux'.

LaTeX Font Info:    Checking defaults for OML/cmm/m/it on input line 13.
LaTeX Font Info:    ... okay on input line 13.
LaTeX Font Info:    Checking defaults for OMS/cmsy/m/n on input line 13.
LaTeX Font Info:    ... okay on input line 13.
LaTeX Font Info:    Checking defaults for OT1/cmr/m/n on input line 13.
LaTeX Font Info:    ... okay on input line 13.
LaTeX Font Info:    Checking defaults for T1/cmr/m/n on input line 13.
LaTeX Font Info:    ... okay on input line 13.
LaTeX Font Info:    Checking defaults for TS1/cmr/m/n on input line 13.
LaTeX Font Info:    Trying to load font information for TS1+cmr on input line 1
3.
 (ts1cmr.fd
File: ts1cmr.fd 2019/12/16 v2.5j Standard LaTeX font definitions
)
LaTeX Font Info:    ... okay on input line 13.
LaTeX Font Info:    Checking defaults for TU/lmr/m/n on input line 13.
LaTeX Font Info:    ... okay on input line 13.
LaTeX Font Info:    Checking defaults for OMX/cmex/m/n on input line 13.
LaTeX Font Info:    ... okay on input line 13.
LaTeX Font Info:    Checking defaults for U/cmr/m/n on input line 13.
LaTeX Font Info:    ... okay on input line 13.
LaTeX Font Info:    Checking defaults for PD1/pdf/m/n on input line 13.
LaTeX Font Info:    ... okay on input line 13.
LaTeX Font Info:    Checking defaults for PU/pdf/m/n on input line 13.
LaTeX Font Info:    ... okay on input line 13.

-- Lines per column: 56 (exact).
(color.sty
Package: color 2021/12/07 v1.3c Standard LaTeX Color (DPC)
 (color.cfg
File: color.cfg 2016/01/02 v1.6 sample color configuration
)
Package color Info: Driver file: xetex.def on input line 149.
)
Package hyperref Info: Link coloring ON on input line 13.
 (nameref.sty
Package: nameref 2021-04-02 v2.47 Cross-referencing by name of section
 (refcount.sty
Package: refcount 2019/12/15 v3.6 Data extraction from label references (HO)
) (gettitlestring.sty
Package: gettitlestring 2019/12/15 v1.6 Cleanup title references (HO)
)
\c@section@level=\count297
)
LaTeX Info: Redefining \ref on input line 13.
LaTeX Info: Redefining \pageref on input line 13.
LaTeX Info: Redefining \nameref on input line 13.

(main.out) (main.out)
\@outlinefile=\write3
\openout3 = `main.out'.

LaTeX Font Info:    Trying to load font information for U+msa on input line 23.

 (umsa.fd
File: umsa.fd 2013/01/14 v3.01 AMS symbols A
)
LaTeX Font Info:    Trying to load font information for U+msb on input line 23.

 (umsb.fd
File: umsb.fd 2013/01/14 v3.01 AMS symbols B
) [1


]
File: figures//corruption_examples.png Graphic file (type bmp)
<figures//corruption_examples.png>
 [2]
Overfull \hbox (11.99704pt too wide) detected at line 93
[][]\OMS/cmsy/m/n/10 L \OT1/cmr/m/n/10 = \OML/cmm/m/it/10 ^^U[]L[] \OT1/cmr/m/n
/10 + \OML/cmm/m/it/10 ^^U[]\OT1/cmr/m/n/10 (1 \OMS/cmsy/m/n/10 ^^@ []\OT1/cmr/
m/n/10 ) + \OML/cmm/m/it/10 ^^U[] []  [] \OT1/cmr/m/n/10 + \OML/cmm/m/it/10 ^^U
[] [] [][] ;
 []


Underfull \hbox (badness 10000) in paragraph at lines 101--102
[]\T1/ptm/b/n/10 Losses. $\OMS/cmsy/m/n/10 L[] \OT1/cmr/m/n/10 = [][[](\OML/cmm
/m/it/10 D\OT1/cmr/m/n/10 (\OML/cmm/m/it/10 x; y; s\OT1/cmr/m/n/10 )\OML/cmm/m/
it/10 ; \OT1/cmr/m/n/10 1) +
 []


Underfull \hbox (badness 10000) in paragraph at lines 101--102
[]\OT1/cmr/m/n/10 (\OML/cmm/m/it/10 D\OT1/cmr/m/n/10 (\OML/cmm/m/it/10 x; G\OT1
/cmr/m/n/10 (\OML/cmm/m/it/10 x; s\OT1/cmr/m/n/10 )\OML/cmm/m/it/10 ; s\OT1/cmr
/m/n/10 )\OML/cmm/m/it/10 ; \OT1/cmr/m/n/10 0)]$ \T1/ptm/m/n/10 and $\OMS/cmsy/
m/n/10 L[] \OT1/cmr/m/n/10 =
 []


Underfull \hbox (badness 10000) in paragraph at lines 101--102
[]\OT1/cmr/m/n/10 (\OML/cmm/m/it/10 D\OT1/cmr/m/n/10 (\OML/cmm/m/it/10 x; G\OT1
/cmr/m/n/10 (\OML/cmm/m/it/10 x; s\OT1/cmr/m/n/10 )\OML/cmm/m/it/10 ; s\OT1/cmr
/m/n/10 )\OML/cmm/m/it/10 ; \OT1/cmr/m/n/10 1) + \OML/cmm/m/it/10 ^^U[]\OMS/cms
y/m/n/10 k\OML/cmm/m/it/10 y \OMS/cmsy/m/n/10 ^^@ \OML/cmm/m/it/10 G\OT1/cmr/m/
n/10 (\OML/cmm/m/it/10 x; s\OT1/cmr/m/n/10 )\OMS/cmsy/m/n/10 k[]$\T1/ptm/m/n/10
 . The
 []


Underfull \hbox (badness 1917) in paragraph at lines 101--102
\T1/ptm/m/n/10 count, dropout, style-embedding di-men-sion and $\OML/cmm/m/it/1
0 ^^U[]$ \T1/ptm/m/n/10 on
 []

File: figures//stitch_canvas_overview.jpg Graphic file (type bmp)
<figures//stitch_canvas_overview.jpg>
LaTeX Font Info:    Trying to load font information for T1+pcr on input line 11
4.
(t1pcr.fd
File: t1pcr.fd 2001/06/04 font definitions for T1/pcr.
)
Underfull \hbox (badness 2735) in paragraph at lines 114--115
\T1/ptm/m/n/10 (size limit, real-image check, al-lowed for-mats), re-sizes
 []


Underfull \hbox (badness 1383) in paragraph at lines 114--115
\T1/ptm/m/n/10 re-implementation that is unit-tested against the train-ing
 []


Underfull \hbox (badness 2409) in paragraph at lines 114--115
\T1/ptm/m/n/10 re-turns base64 PNGs, rout-ing in-for-ma-tion and tim-ings.
 []


Underfull \hbox (badness 4479) in paragraph at lines 114--115
\T1/ptm/m/n/10 End-points: \T1/pcr/m/n/10 GET /api/health\T1/ptm/m/n/10 , \T1/p
cr/m/n/10 GET /api/samples\T1/ptm/m/n/10 ,
 []


Underfull \hbox (badness 10000) in paragraph at lines 114--115
\T1/pcr/m/n/10 POST /api/universal\T1/ptm/m/n/10 , \T1/pcr/m/n/10 /api/hard-rou
te\T1/ptm/m/n/10 ,
 []

[3] (results (generated/optuna_ae_universal_space
Overfull \hbox (6.23058pt too wide) in paragraph at lines 6--20
 [][] 
 []

) (generated/optuna_ae_universal_best)
File: figures//curves_task1.png Graphic file (type bmp)
<figures//curves_task1.png>
 (generated/t1_test
Overfull \hbox (32.38255pt too wide) in paragraph at lines 6--23
 [][] 
 []

) [4]
File: figures//t1_examples.png Graphic file (type bmp)
<figures//t1_examples.png>
File: figures//t1_dense_examples.png Graphic file (type bmp)
<figures//t1_dense_examples.png>
File: figures//t1_failures.png Graphic file (type bmp)
<figures//t1_failures.png>
 (generated/optuna_cls_space) (generated/optuna_cls_best)
(generated/optuna_ae_specialist_space
Overfull \hbox (6.23058pt too wide) in paragraph at lines 6--20
 [][] 
 []

) (generated/optuna_ae_specialist_best)
File: figures//curves_task2.png Graphic file (type bmp)
<figures//curves_task2.png>
 (generated/t2_cls) [5]
File: figures//t2_confusion.png Graphic file (type bmp)
<figures//t2_confusion.png>

(generated/t2_restoration
Overfull \hbox (39.00623pt too wide) in paragraph at lines 6--23
 [][] 
 []

) [6]
File: figures//t2_routing_failures.png Graphic file (type bmp)
<figures//t2_routing_failures.png>
 (generated/optuna_moe_space) (generated/optuna_moe_best)
File: figures//curves_task3.png Graphic file (type bmp)
<figures//curves_task3.png>

(generated/t3_test
Overfull \hbox (32.38255pt too wide) in paragraph at lines 6--23
 [][] 
 []

) [7] (generated/t3_weights) (generated/t3_health)
File: figures//t3_heatmap.png Graphic file (type bmp)
<figures//t3_heatmap.png>
File: figures//t3_weight_examples.png Graphic file (type bmp)
<figures//t3_weight_examples.png>
File: figures//t3_examples.png Graphic file (type bmp)
<figures//t3_examples.png>
File: figures//t3_failures.png Graphic file (type bmp)
<figures//t3_failures.png>
 [8]
(generated/optuna_gan_space) (generated/optuna_gan_best)
File: figures//curves_task4.png Graphic file (type bmp)
<figures//curves_task4.png>
File: figures//t4_progress.png Graphic file (type bmp)
<figures//t4_progress.png>
 (generated/t4_test)
File: figures//t4_style_conditioning.png Graphic file (type bmp)
<figures//t4_style_conditioning.png>
File: figures//t4_failures.png Graphic file (type bmp)
<figures//t4_failures.png>

Underfull \vbox (badness 10000) has occurred while \output is active []

 [9]
(generated/onnx) [10]
File: figures//mlflow_runs_task3.png Graphic file (type bmp)
<figures//mlflow_runs_task3.png>
File: figures//mlflow_metrics_task4.png Graphic file (type bmp)
<figures//mlflow_metrics_task4.png>
File: figures//optuna_universal_history.png Graphic file (type bmp)
<figures//optuna_universal_history.png>
File: figures//optuna_moe_history.png Graphic file (type bmp)
<figures//optuna_moe_history.png>
File: figures//optuna_gan_history.png Graphic file (type bmp)
<figures//optuna_gan_history.png>
File: figures//app_universal.png Graphic file (type bmp)
<figures//app_universal.png>
File: figures//app_hard_routed.png Graphic file (type bmp)
<figures//app_hard_routed.png>
File: figures//app_soft_moe.png Graphic file (type bmp)
<figures//app_soft_moe.png>
File: figures//app_face_to_sketch.png Graphic file (type bmp)
<figures//app_face_to_sketch.png>

Underfull \hbox (badness 2781) in paragraph at lines 234--235
[]\T1/ptm/b/n/10 Soft-MoE in-ter-pretabil-ity. \T1/ptm/m/n/10 The tuned clas-si
-fi-ca-tion
 []

[11]
Underfull \hbox (badness 2591) in paragraph at lines 244--245
\T1/ptm/m/n/10 desk-top ap-pli-ca-tion) was used for: draft-ing and refac-
 []


Underfull \hbox (badness 4156) in paragraph at lines 244--245
\T1/ptm/m/n/10 tor-ing the Python code (data pipeline, mod-els, train-
 []

)
Underfull \hbox (badness 10000) in paragraph at lines 247--117
[]\T1/ptm/b/n/10 Repository: [][]$\T1/ptm/m/n/10 https : / / github . com / Mus
axKhan /
 []


Underfull \hbox (badness 10000) in paragraph at lines 247--117
\T1/ptm/m/n/10 Restoration-[]GAN$[][]. The README gives the Docker
 []


Underfull \hbox (badness 10000) in paragraph at lines 247--117
\T1/ptm/m/n/10 then \T1/pcr/m/n/10 docker compose up --build\T1/ptm/m/n/10 ), t
he data-
 []


Underfull \hbox (badness 10000) in paragraph at lines 247--117
\T1/ptm/m/n/10 com-mands (\T1/pcr/m/n/10 notebooks/colab_training.ipynb\T1/ptm/
m/n/10 ,
 []


Underfull \hbox (badness 10000) in paragraph at lines 247--117
\T1/pcr/m/n/10 scripts/run_v2.sh\T1/ptm/m/n/10 , \T1/pcr/m/n/10 scripts/finish_
v2.sh\T1/ptm/m/n/10 ),
 []


Underfull \hbox (badness 1603) in paragraph at lines 247--117
\T1/ptm/m/n/10 database, Op-tuna stud-ies, best con-fig-u-ra-tions) are un-der
 []

(main.bbl [12])

** Conference Paper **
Before submitting the final camera ready copy, remember to:

 1. Manually equalize the lengths of two columns on the last page
 of your paper;

 2. Ensure that any PostScript and/or PDF output post-processing
 uses only Type 1 fonts and that every step in the generation
 process uses the appropriate paper size.

[13] [14] [15] [16] [17] [18] [19] (main.aux)

LaTeX Font Warning: Some font shapes were not available, defaults substituted.

Package rerunfilecheck Info: File `main.out' has not changed.
(rerunfilecheck)             Checksum: B24CB4FC9F58C3B3AE1A269EA18FE7B0;5181.
 )
Output written on main.xdv (19 pages, 102256 bytes).
